// Jest Snapshot v1, https://goo.gl/fbAQLP

exports[`withMargin matches the snapshot 1`] = `
<div
  className="uaa-fieldwrap"
>
  <Component />
</div>
`;
