// Jest Snapshot v1, https://goo.gl/fbAQLP

exports[`<App/> Matches the snapshot 1`] = `
<Provider
  store={
    Object {
      "dispatch": [Function],
      "getState": [Function],
      "replaceReducer": [Function],
      "subscribe": [Function],
      Symbol(observable): [Function],
    }
  }
>
  <UI
    theme="blue"
  >
    <HeaderBarContainer
      appName="Usage Analytics"
    />
    <Connect(UsageAnalytics) />
  </UI>
</Provider>
`;
