// Jest Snapshot v1, https://goo.gl/fbAQLP

exports[`getDataStatistics calls getJSON with the correct URL and queryString 1`] = `"dataStatistics?startDate=startDate&endDate=endDate&interval=interval&_=timestamp"`;

exports[`getFavorites calls getJSON with the correct URL and queryString 1`] = `"dataStatistics/favorites?eventType=eventType&pageSize=pageSize&sortOrder=sortOrder&_=timestamp"`;

exports[`getUsageData calls getJSON with the correct URL and queryString for TOP_FAVORITES category 1`] = `"dataStatistics/favorites?eventType=eventType&pageSize=pageSize&sortOrder=sortOrder&_=timestamp"`;

exports[`getUsageData calls getJSON with the correct URL and queryString in other cases 1`] = `"dataStatistics?startDate=startDate&endDate=endDate&interval=interval&_=timestamp"`;

exports[`getUserLocale calls getJSON with the correct URL and queryString 1`] = `"userSettings"`;
